// Jest Snapshot v1, https://goo.gl/fbAQLP

exports[`QuizItem component should render Element component 1`] = `
ShallowWrapper {
  "complexSelector": ComplexSelector {
    "buildPredicate": [Function],
    "childrenOfNode": [Function],
    "findWhereUnwrapped": [Function],
  },
  "length": 1,
  "node": <Styled(Paper)
    zDepth={2}
>
    <Unknown
        deleteQuiz={[Function]}
        editQuiz={[Function]}
        handleClose={[Function]}
        handleOpen={[Function]}
        idx={0}
        isDialogOpen={false}
        quest={Object {}}
    />
</Styled(Paper)>,
  "nodes": Array [
    <Styled(Paper)
      zDepth={2}
>
      <Unknown
            deleteQuiz={[Function]}
            editQuiz={[Function]}
            handleClose={[Function]}
            handleOpen={[Function]}
            idx={0}
            isDialogOpen={false}
            quest={Object {}}
      />
</Styled(Paper)>,
  ],
  "options": Object {},
  "renderer": ReactShallowRenderer {
    "_instance": ShallowComponentWrapper {
      "_calledComponentWillUnmount": false,
      "_compositeType": 0,
      "_context": Object {},
      "_currentElement": <QuizItem
        deleteQuiz={[Function]}
        editQuiz={[Function]}
        idx={0}
        quest={Object {}}
/>,
      "_debugID": 1,
      "_hostContainerInfo": null,
      "_hostParent": null,
      "_instance": QuizItem {
        "_reactInternalInstance": [Circular],
        "context": Object {},
        "handleClose": [Function],
        "handleOpen": [Function],
        "props": Object {
          "deleteQuiz": [Function],
          "editQuiz": [Function],
          "idx": 0,
          "quest": Object {},
        },
        "refs": Object {},
        "state": Object {
          "isDialogOpen": false,
        },
        "updater": Object {
          "enqueueCallback": [Function],
          "enqueueCallbackInternal": [Function],
          "enqueueElementInternal": [Function],
          "enqueueForceUpdate": [Function],
          "enqueueReplaceState": [Function],
          "enqueueSetState": [Function],
          "isMounted": [Function],
          "validateCallback": [Function],
        },
      },
      "_mountOrder": 1,
      "_pendingCallbacks": null,
      "_pendingElement": null,
      "_pendingForceUpdate": false,
      "_pendingReplaceState": false,
      "_pendingStateQueue": null,
      "_renderedComponent": NoopInternalComponent {
        "_currentElement": <Styled(Paper)
          zDepth={2}
>
          <Unknown
                    deleteQuiz={[Function]}
                    editQuiz={[Function]}
                    handleClose={[Function]}
                    handleOpen={[Function]}
                    idx={0}
                    isDialogOpen={false}
                    quest={Object {}}
          />
</Styled(Paper)>,
        "_debugID": 2,
        "_renderedOutput": <Styled(Paper)
          zDepth={2}
>
          <Unknown
                    deleteQuiz={[Function]}
                    editQuiz={[Function]}
                    handleClose={[Function]}
                    handleOpen={[Function]}
                    idx={0}
                    isDialogOpen={false}
                    quest={Object {}}
          />
</Styled(Paper)>,
      },
      "_renderedNodeType": 1,
      "_rootNodeID": 0,
      "_topLevelWrapper": null,
      "_updateBatchNumber": null,
      "_warnedAboutRefsInRender": false,
    },
    "getRenderOutput": [Function],
    "render": [Function],
  },
  "root": [Circular],
  "unrendered": <QuizItem
    deleteQuiz={[Function]}
    editQuiz={[Function]}
    idx={0}
    quest={Object {}}
/>,
}
`;
